../Core/Src/main.c:109:5:main	16	static
../Core/Src/main.c:202:6:SystemClock_Config	88	static
../Core/Src/main.c:248:13:MX_I2C1_Init	8	static
../Core/Src/main.c:282:13:MX_SPI1_Init	8	static
../Core/Src/main.c:320:13:MX_TIM1_Init	96	static
../Core/Src/main.c:399:13:MX_TIM3_Init	56	static
../Core/Src/main.c:448:13:MX_TIM4_Init	56	static
../Core/Src/main.c:497:13:MX_USART1_UART_Init	8	static
../Core/Src/main.c:531:13:MX_GPIO_Init	56	static
../Core/Src/main.c:572:6:MotorControlLeft	24	static
../Core/Src/main.c:587:6:MotorControlRight	24	static
../Core/Src/main.c:602:6:IMU_Task	72	static
../Core/Src/main.c:623:6:Control_Task	128	static
../Core/Src/main.c:688:6:HAL_TIM_PeriodElapsedCallback	16	static
../Core/Src/main.c:706:6:Error_Handler	4	static,ignoring_inline_asm
