../Core/Src/main.c:109:5:main	1
../Core/Src/main.c:202:6:SystemClock_Config	3
../Core/Src/main.c:248:13:MX_I2C1_Init	2
../Core/Src/main.c:282:13:MX_SPI1_Init	2
../Core/Src/main.c:320:13:MX_TIM1_Init	8
../Core/Src/main.c:399:13:MX_TIM3_Init	3
../Core/Src/main.c:448:13:MX_TIM4_Init	3
../Core/Src/main.c:497:13:MX_USART1_UART_Init	2
../Core/Src/main.c:531:13:MX_GPIO_Init	1
../Core/Src/main.c:572:6:MotorControlLeft	2
../Core/Src/main.c:587:6:MotorControlRight	2
../Core/Src/main.c:602:6:IMU_Task	1
../Core/Src/main.c:623:6:Control_Task	2
../Core/Src/main.c:688:6:HAL_TIM_PeriodElapsedCallback	2
../Core/Src/main.c:706:6:Error_Handler	1
