../Core/Src/main.c:108:5:main	1
../Core/Src/main.c:210:6:SystemClock_Config	3
../Core/Src/main.c:256:13:MX_I2C1_Init	2
../Core/Src/main.c:290:13:MX_SPI1_Init	2
../Core/Src/main.c:328:13:MX_TIM1_Init	8
../Core/Src/main.c:407:13:MX_TIM3_Init	3
../Core/Src/main.c:456:13:MX_TIM4_Init	3
../Core/Src/main.c:505:13:MX_USART1_UART_Init	2
../Core/Src/main.c:539:13:MX_GPIO_Init	1
../Core/Src/main.c:580:6:MotorControlLeft	2
../Core/Src/main.c:595:6:MotorControlRight	2
../Core/Src/main.c:610:6:IMU_Task	1
../Core/Src/main.c:631:6:Control_Task	2
../Core/Src/main.c:698:6:HAL_TIM_PeriodElapsedCallback	2
../Core/Src/main.c:716:6:Error_Handler	1
